Component: ARM Compiler 5.06 update 7 (build 960) Tool: armlink [4d3601]

==============================================================================

Section Cross References

    startup_lpc17xx.o(STACK) refers (Special) to heapauxi.o(.text) for __use_two_region_memory
    startup_lpc17xx.o(HEAP) refers (Special) to heapauxi.o(.text) for __use_two_region_memory
    startup_lpc17xx.o(RESET) refers (Special) to heapauxi.o(.text) for __use_two_region_memory
    startup_lpc17xx.o(RESET) refers to startup_lpc17xx.o(STACK) for __initial_sp
    startup_lpc17xx.o(RESET) refers to startup_lpc17xx.o(.text) for Reset_Handler
    startup_lpc17xx.o(RESET) refers to irq_timer.o(.text) for TIMER0_IRQHandler
    startup_lpc17xx.o(RESET) refers to irq_button.o(.text) for EINT0_IRQHandler
    startup_lpc17xx.o(RESET) refers to irq_rit.o(.text) for RIT_IRQHandler
    startup_lpc17xx.o(.ARM.__at_0x02FC) refers (Special) to heapauxi.o(.text) for __use_two_region_memory
    startup_lpc17xx.o(.text) refers (Special) to heapauxi.o(.text) for __use_two_region_memory
    startup_lpc17xx.o(.text) refers to __main.o(!!!main) for __main
    startup_lpc17xx.o(.text) refers to startup_lpc17xx.o(HEAP) for Heap_Mem
    startup_lpc17xx.o(.text) refers to startup_lpc17xx.o(STACK) for Stack_Mem
    system_lpc17xx.o(.text) refers to system_lpc17xx.o(.data) for .data
    sample.o(.text) refers to system_lpc17xx.o(.text) for SystemInit
    sample.o(.text) refers to glcd.o(.text) for LCD_Initialization
    sample.o(.text) refers to lib_button.o(.text) for BUTTON_init
    sample.o(.text) refers to game.o(.text) for draw_boardgame
    sample.o(.text) refers to lib_timer.o(.text) for init_timer
    sample.o(.text) refers to lib_joystick.o(.text) for joystick_init
    sample.o(.text) refers to lib_rit.o(.text) for init_RIT
    irq_button.o(.text) refers to game.o(.text) for change_player_turn
    irq_button.o(.text) refers to game.o(.bss) for game
    irq_button.o(.text) refers to irq_button.o(.data) for .data
    funct_led.o(.text) refers to funct_led.o(.constdata) for .constdata
    funct_led.o(.text) refers to lib_led.o(.data) for led_value
    lib_led.o(.text) refers to lib_led.o(.data) for .data
    asciilib.o(.text) refers to rt_memcpy_v6.o(.text) for __aeabi_memcpy
    asciilib.o(.text) refers to asciilib.o(.constdata) for .constdata
    glcd.o(.text) refers to glcd.o(.data) for .data
    glcd.o(.text) refers to asciilib.o(.text) for GetASCIICode
    hzlib.o(.text) refers to rt_memcpy_v6.o(.text) for __aeabi_memcpy
    hzlib.o(.text) refers to hzlib.o(.constdata) for .constdata
    irq_rit.o(.text) refers to game.o(.text) for preview_move_token
    irq_rit.o(.text) refers to irq_rit.o(.data) for .data
    irq_rit.o(.text) refers to game.o(.bss) for game
    irq_rit.o(.text) refers to irq_button.o(.data) for down_1
    funct_joystick.o(.text) refers to funct_led.o(.text) for LED_Out
    game.o(.text) refers to _printf_percent.o(.ARM.Collect$$_printf_percent$$00000000) for _printf_percent
    game.o(.text) refers to _printf_d.o(.ARM.Collect$$_printf_percent$$00000009) for _printf_d
    game.o(.text) refers to _printf_dec.o(.text) for _printf_int_dec
    game.o(.text) refers to noretval__2sprintf.o(.text) for __2sprintf
    game.o(.text) refers to glcd.o(.text) for GUI_Text
    game.o(.text) refers to game.o(.data) for .data
    game.o(.text) refers to game.o(.bss) for .bss
    __2sprintf.o(.text) refers to _printf_char_common.o(.text) for _printf_char_common
    __2sprintf.o(.text) refers to _sputc.o(.text) for _sputc
    noretval__2sprintf.o(.text) refers to _printf_char_common.o(.text) for _printf_char_common
    noretval__2sprintf.o(.text) refers to _sputc.o(.text) for _sputc
    __printf.o(.text) refers to _printf_percent.o(.ARM.Collect$$_printf_percent$$00000000) for _printf_percent
    _printf_dec.o(.text) refers to _printf_intcommon.o(.text) for _printf_int_common
    __printf_flags.o(.text) refers to _printf_percent.o(.ARM.Collect$$_printf_percent$$00000000) for _printf_percent
    __printf_flags.o(.text) refers to __printf_flags.o(.constdata) for .constdata
    __printf_ss.o(.text) refers to _printf_percent.o(.ARM.Collect$$_printf_percent$$00000000) for _printf_percent
    __printf_flags_ss.o(.text) refers to _printf_percent.o(.ARM.Collect$$_printf_percent$$00000000) for _printf_percent
    __printf_flags_ss.o(.text) refers to __printf_flags_ss.o(.constdata) for .constdata
    __printf_wp.o(.text) refers to __printf_wp.o(i._is_digit) for _is_digit
    __printf_wp.o(.text) refers to _printf_percent.o(.ARM.Collect$$_printf_percent$$00000000) for _printf_percent
    __printf_flags_wp.o(.text) refers to __printf_wp.o(i._is_digit) for _is_digit
    __printf_flags_wp.o(.text) refers to _printf_percent.o(.ARM.Collect$$_printf_percent$$00000000) for _printf_percent
    __printf_flags_wp.o(.text) refers to __printf_flags_wp.o(.constdata) for .constdata
    __printf_ss_wp.o(.text) refers to __printf_wp.o(i._is_digit) for _is_digit
    __printf_ss_wp.o(.text) refers to _printf_percent.o(.ARM.Collect$$_printf_percent$$00000000) for _printf_percent
    __printf_flags_ss_wp.o(.text) refers to __printf_wp.o(i._is_digit) for _is_digit
    __printf_flags_ss_wp.o(.text) refers to _printf_percent.o(.ARM.Collect$$_printf_percent$$00000000) for _printf_percent
    __printf_flags_ss_wp.o(.text) refers to __printf_flags_ss_wp.o(.constdata) for .constdata
    _printf_d.o(.ARM.Collect$$_printf_percent$$00000009) refers (Weak) to _printf_dec.o(.text) for _printf_int_dec
    _printf_percent.o(.ARM.Collect$$_printf_percent$$00000000) refers (Special) to _printf_percent_end.o(.ARM.Collect$$_printf_percent$$00000017) for _printf_percent_end
    rt_memcpy_v6.o(.text) refers to rt_memcpy_w.o(.text) for __aeabi_memcpy4
    __main.o(!!!main) refers to __rtentry.o(.ARM.Collect$$rtentry$$00000000) for __rt_entry
    __rtentry.o(.ARM.Collect$$rtentry$$00000000) refers (Special) to __rtentry2.o(.ARM.Collect$$rtentry$$0000000A) for __rt_entry_li
    __rtentry.o(.ARM.Collect$$rtentry$$00000000) refers (Special) to __rtentry2.o(.ARM.Collect$$rtentry$$0000000D) for __rt_entry_main
    __rtentry.o(.ARM.Collect$$rtentry$$00000000) refers (Special) to __rtentry2.o(.ARM.Collect$$rtentry$$0000000C) for __rt_entry_postli_1
    __rtentry.o(.ARM.Collect$$rtentry$$00000000) refers (Special) to __rtentry2.o(.ARM.Collect$$rtentry$$00000009) for __rt_entry_postsh_1
    __rtentry.o(.ARM.Collect$$rtentry$$00000000) refers (Special) to __rtentry2.o(.ARM.Collect$$rtentry$$00000002) for __rt_entry_presh_1
    __rtentry.o(.ARM.Collect$$rtentry$$00000000) refers (Special) to __rtentry4.o(.ARM.Collect$$rtentry$$00000004) for __rt_entry_sh
    _printf_char_common.o(.text) refers to __printf.o(.text) for __printf
    __rtentry2.o(.ARM.Collect$$rtentry$$00000008) refers to boardinit2.o(.text) for _platform_post_stackheap_init
    __rtentry2.o(.ARM.Collect$$rtentry$$0000000A) refers to libinit.o(.ARM.Collect$$libinit$$00000000) for __rt_lib_init
    __rtentry2.o(.ARM.Collect$$rtentry$$0000000B) refers to boardinit3.o(.text) for _platform_post_lib_init
    __rtentry2.o(.ARM.Collect$$rtentry$$0000000D) refers to sample.o(.text) for main
    __rtentry2.o(.ARM.Collect$$rtentry$$0000000D) refers to exit.o(.text) for exit
    __rtentry2.o(.ARM.exidx) refers to __rtentry2.o(.ARM.Collect$$rtentry$$00000001) for .ARM.Collect$$rtentry$$00000001
    __rtentry2.o(.ARM.exidx) refers to __rtentry2.o(.ARM.Collect$$rtentry$$00000008) for .ARM.Collect$$rtentry$$00000008
    __rtentry2.o(.ARM.exidx) refers to __rtentry2.o(.ARM.Collect$$rtentry$$0000000A) for .ARM.Collect$$rtentry$$0000000A
    __rtentry2.o(.ARM.exidx) refers to __rtentry2.o(.ARM.Collect$$rtentry$$0000000B) for .ARM.Collect$$rtentry$$0000000B
    __rtentry2.o(.ARM.exidx) refers to __rtentry2.o(.ARM.Collect$$rtentry$$0000000D) for .ARM.Collect$$rtentry$$0000000D
    __rtentry4.o(.ARM.Collect$$rtentry$$00000004) refers to sys_stackheap_outer.o(.text) for __user_setup_stackheap
    __rtentry4.o(.ARM.exidx) refers to __rtentry4.o(.ARM.Collect$$rtentry$$00000004) for .ARM.Collect$$rtentry$$00000004
    sys_stackheap_outer.o(.text) refers to libspace.o(.text) for __user_perproc_libspace
    sys_stackheap_outer.o(.text) refers to startup_lpc17xx.o(.text) for __user_initial_stackheap
    exit.o(.text) refers to rtexit.o(.ARM.Collect$$rtexit$$00000000) for __rt_exit
    libinit.o(.ARM.Collect$$libinit$$00000000) refers (Special) to libinit2.o(.ARM.Collect$$libinit$$0000002E) for __rt_lib_init_alloca_1
    libinit.o(.ARM.Collect$$libinit$$00000000) refers (Special) to libinit2.o(.ARM.Collect$$libinit$$0000002C) for __rt_lib_init_argv_1
    libinit.o(.ARM.Collect$$libinit$$00000000) refers (Special) to libinit2.o(.ARM.Collect$$libinit$$0000001B) for __rt_lib_init_atexit_1
    libinit.o(.ARM.Collect$$libinit$$00000000) refers (Special) to libinit2.o(.ARM.Collect$$libinit$$00000021) for __rt_lib_init_clock_1
    libinit.o(.ARM.Collect$$libinit$$00000000) refers (Special) to libinit2.o(.ARM.Collect$$libinit$$00000032) for __rt_lib_init_cpp_1
    libinit.o(.ARM.Collect$$libinit$$00000000) refers (Special) to libinit2.o(.ARM.Collect$$libinit$$00000030) for __rt_lib_init_exceptions_1
    libinit.o(.ARM.Collect$$libinit$$00000000) refers (Special) to libinit2.o(.ARM.Collect$$libinit$$00000002) for __rt_lib_init_fp_1
    libinit.o(.ARM.Collect$$libinit$$00000000) refers (Special) to libinit2.o(.ARM.Collect$$libinit$$0000001F) for __rt_lib_init_fp_trap_1
    libinit.o(.ARM.Collect$$libinit$$00000000) refers (Special) to libinit2.o(.ARM.Collect$$libinit$$00000023) for __rt_lib_init_getenv_1
    libinit.o(.ARM.Collect$$libinit$$00000000) refers (Special) to libinit2.o(.ARM.Collect$$libinit$$0000000A) for __rt_lib_init_heap_1
    libinit.o(.ARM.Collect$$libinit$$00000000) refers (Special) to libinit2.o(.ARM.Collect$$libinit$$00000011) for __rt_lib_init_lc_collate_1
    libinit.o(.ARM.Collect$$libinit$$00000000) refers (Special) to libinit2.o(.ARM.Collect$$libinit$$00000013) for __rt_lib_init_lc_ctype_1
    libinit.o(.ARM.Collect$$libinit$$00000000) refers (Special) to libinit2.o(.ARM.Collect$$libinit$$00000015) for __rt_lib_init_lc_monetary_1
    libinit.o(.ARM.Collect$$libinit$$00000000) refers (Special) to libinit2.o(.ARM.Collect$$libinit$$00000017) for __rt_lib_init_lc_numeric_1
    libinit.o(.ARM.Collect$$libinit$$00000000) refers (Special) to libinit2.o(.ARM.Collect$$libinit$$00000019) for __rt_lib_init_lc_time_1
    libinit.o(.ARM.Collect$$libinit$$00000000) refers (Special) to libinit2.o(.ARM.Collect$$libinit$$00000004) for __rt_lib_init_preinit_1
    libinit.o(.ARM.Collect$$libinit$$00000000) refers (Special) to libinit2.o(.ARM.Collect$$libinit$$0000000E) for __rt_lib_init_rand_1
    libinit.o(.ARM.Collect$$libinit$$00000000) refers (Special) to libinit2.o(.ARM.Collect$$libinit$$00000033) for __rt_lib_init_return
    libinit.o(.ARM.Collect$$libinit$$00000000) refers (Special) to libinit2.o(.ARM.Collect$$libinit$$0000001D) for __rt_lib_init_signal_1
    libinit.o(.ARM.Collect$$libinit$$00000000) refers (Special) to libinit2.o(.ARM.Collect$$libinit$$00000025) for __rt_lib_init_stdio_1
    libinit.o(.ARM.Collect$$libinit$$00000000) refers (Special) to libinit2.o(.ARM.Collect$$libinit$$0000000C) for __rt_lib_init_user_alloc_1
    libspace.o(.text) refers to libspace.o(.bss) for __libspace_start
    rtexit.o(.ARM.Collect$$rtexit$$00000000) refers (Special) to rtexit2.o(.ARM.Collect$$rtexit$$00000004) for __rt_exit_exit
    rtexit.o(.ARM.Collect$$rtexit$$00000000) refers (Special) to rtexit2.o(.ARM.Collect$$rtexit$$00000003) for __rt_exit_ls
    rtexit.o(.ARM.Collect$$rtexit$$00000000) refers (Special) to rtexit2.o(.ARM.Collect$$rtexit$$00000002) for __rt_exit_prels_1
    rtexit.o(.ARM.exidx) refers (Special) to rtexit2.o(.ARM.Collect$$rtexit$$00000004) for __rt_exit_exit
    rtexit.o(.ARM.exidx) refers (Special) to rtexit2.o(.ARM.Collect$$rtexit$$00000003) for __rt_exit_ls
    rtexit.o(.ARM.exidx) refers (Special) to rtexit2.o(.ARM.Collect$$rtexit$$00000002) for __rt_exit_prels_1
    rtexit.o(.ARM.exidx) refers to rtexit.o(.ARM.Collect$$rtexit$$00000000) for .ARM.Collect$$rtexit$$00000000
    libinit2.o(.ARM.Collect$$libinit$$00000010) refers to libinit2.o(.ARM.Collect$$libinit$$0000000F) for .ARM.Collect$$libinit$$0000000F
    libinit2.o(.ARM.Collect$$libinit$$00000012) refers to libinit2.o(.ARM.Collect$$libinit$$0000000F) for .ARM.Collect$$libinit$$0000000F
    libinit2.o(.ARM.Collect$$libinit$$00000014) refers to libinit2.o(.ARM.Collect$$libinit$$0000000F) for .ARM.Collect$$libinit$$0000000F
    libinit2.o(.ARM.Collect$$libinit$$00000016) refers to libinit2.o(.ARM.Collect$$libinit$$0000000F) for .ARM.Collect$$libinit$$0000000F
    libinit2.o(.ARM.Collect$$libinit$$00000018) refers to libinit2.o(.ARM.Collect$$libinit$$0000000F) for .ARM.Collect$$libinit$$0000000F
    libinit2.o(.ARM.Collect$$libinit$$00000026) refers to argv_veneer.o(.emb_text) for __ARM_argv_veneer
    libinit2.o(.ARM.Collect$$libinit$$00000027) refers to argv_veneer.o(.emb_text) for __ARM_argv_veneer
    rtexit2.o(.ARM.Collect$$rtexit$$00000003) refers to libshutdown.o(.ARM.Collect$$libshutdown$$00000000) for __rt_lib_shutdown
    rtexit2.o(.ARM.Collect$$rtexit$$00000004) refers to sys_exit.o(.text) for _sys_exit
    rtexit2.o(.ARM.exidx) refers to rtexit2.o(.ARM.Collect$$rtexit$$00000001) for .ARM.Collect$$rtexit$$00000001
    rtexit2.o(.ARM.exidx) refers to rtexit2.o(.ARM.Collect$$rtexit$$00000003) for .ARM.Collect$$rtexit$$00000003
    rtexit2.o(.ARM.exidx) refers to rtexit2.o(.ARM.Collect$$rtexit$$00000004) for .ARM.Collect$$rtexit$$00000004
    argv_veneer.o(.emb_text) refers to no_argv.o(.text) for __ARM_get_argv
    sys_exit.o(.text) refers (Special) to use_no_semi.o(.text) for __I$use$semihosting
    sys_exit.o(.text) refers (Special) to indicate_semi.o(.text) for __semihosting_library_function
    _get_argv_nomalloc.o(.text) refers (Special) to hrguard.o(.text) for __heap_region$guard
    _get_argv_nomalloc.o(.text) refers to defsig_rtmem_outer.o(.text) for __rt_SIGRTMEM
    _get_argv_nomalloc.o(.text) refers to sys_command.o(.text) for _sys_command_string
    libshutdown.o(.ARM.Collect$$libshutdown$$00000000) refers (Special) to libshutdown2.o(.ARM.Collect$$libshutdown$$00000004) for __rt_lib_shutdown_cpp_1
    libshutdown.o(.ARM.Collect$$libshutdown$$00000000) refers (Special) to libshutdown2.o(.ARM.Collect$$libshutdown$$00000002) for __rt_lib_shutdown_fini_1
    libshutdown.o(.ARM.Collect$$libshutdown$$00000000) refers (Special) to libshutdown2.o(.ARM.Collect$$libshutdown$$00000009) for __rt_lib_shutdown_fp_trap_1
    libshutdown.o(.ARM.Collect$$libshutdown$$00000000) refers (Special) to libshutdown2.o(.ARM.Collect$$libshutdown$$00000011) for __rt_lib_shutdown_heap_1
    libshutdown.o(.ARM.Collect$$libshutdown$$00000000) refers (Special) to libshutdown2.o(.ARM.Collect$$libshutdown$$00000012) for __rt_lib_shutdown_return
    libshutdown.o(.ARM.Collect$$libshutdown$$00000000) refers (Special) to libshutdown2.o(.ARM.Collect$$libshutdown$$0000000C) for __rt_lib_shutdown_signal_1
    libshutdown.o(.ARM.Collect$$libshutdown$$00000000) refers (Special) to libshutdown2.o(.ARM.Collect$$libshutdown$$00000006) for __rt_lib_shutdown_stdio_1
    libshutdown.o(.ARM.Collect$$libshutdown$$00000000) refers (Special) to libshutdown2.o(.ARM.Collect$$libshutdown$$0000000E) for __rt_lib_shutdown_user_alloc_1
    sys_command.o(.text) refers (Special) to use_no_semi.o(.text) for __I$use$semihosting
    sys_command.o(.text) refers (Special) to indicate_semi.o(.text) for __semihosting_library_function
    defsig_rtmem_outer.o(.text) refers to defsig_rtmem_inner.o(.text) for __rt_SIGRTMEM_inner
    defsig_rtmem_outer.o(.text) refers to defsig_exit.o(.text) for __sig_exit
    defsig_rtmem_formal.o(.text) refers to rt_raise.o(.text) for __rt_raise
    rt_raise.o(.text) refers to __raise.o(.text) for __raise
    rt_raise.o(.text) refers to sys_exit.o(.text) for _sys_exit
    defsig_exit.o(.text) refers to sys_exit.o(.text) for _sys_exit
    defsig_rtmem_inner.o(.text) refers to defsig_general.o(.text) for __default_signal_display
    __raise.o(.text) refers to defsig.o(CL$$defsig) for __default_signal_handler
    defsig_general.o(.text) refers to sys_wrch.o(.text) for _ttywrch
    sys_wrch.o(.text) refers (Special) to use_no_semi.o(.text) for __I$use$semihosting
    sys_wrch.o(.text) refers (Special) to indicate_semi.o(.text) for __semihosting_library_function
    defsig.o(CL$$defsig) refers to defsig_rtmem_inner.o(.text) for __rt_SIGRTMEM_inner
    defsig_abrt_inner.o(.text) refers to defsig_general.o(.text) for __default_signal_display
    defsig_fpe_inner.o(.text) refers to defsig_general.o(.text) for __default_signal_display
    defsig_rtred_inner.o(.text) refers to defsig_general.o(.text) for __default_signal_display
    defsig_stak_inner.o(.text) refers to defsig_general.o(.text) for __default_signal_display
    defsig_pvfn_inner.o(.text) refers to defsig_general.o(.text) for __default_signal_display
    defsig_cppl_inner.o(.text) refers to defsig_general.o(.text) for __default_signal_display
    defsig_segv_inner.o(.text) refers to defsig_general.o(.text) for __default_signal_display
    defsig_other.o(.text) refers to defsig_general.o(.text) for __default_signal_display


==============================================================================

Removing Unused input sections from the image.

    Removing core_cm3.o(.emb_text), (32 bytes).
    Removing system_lpc17xx.o(.rev16_text), (4 bytes).
    Removing system_lpc17xx.o(.revsh_text), (4 bytes).
    Removing system_lpc17xx.o(.rrx_text), (6 bytes).
    Removing sample.o(.rev16_text), (4 bytes).
    Removing sample.o(.revsh_text), (4 bytes).
    Removing sample.o(.rrx_text), (6 bytes).
    Removing irq_button.o(.rev16_text), (4 bytes).
    Removing irq_button.o(.revsh_text), (4 bytes).
    Removing irq_button.o(.rrx_text), (6 bytes).
    Removing lib_button.o(.rev16_text), (4 bytes).
    Removing lib_button.o(.revsh_text), (4 bytes).
    Removing lib_button.o(.rrx_text), (6 bytes).
    Removing funct_led.o(.rev16_text), (4 bytes).
    Removing funct_led.o(.revsh_text), (4 bytes).
    Removing funct_led.o(.rrx_text), (6 bytes).
    Removing funct_led.o(.text), (100 bytes).
    Removing funct_led.o(.constdata), (32 bytes).
    Removing lib_led.o(.rev16_text), (4 bytes).
    Removing lib_led.o(.revsh_text), (4 bytes).
    Removing lib_led.o(.rrx_text), (6 bytes).
    Removing lib_led.o(.text), (56 bytes).
    Removing lib_led.o(.data), (1 bytes).
    Removing irq_timer.o(.rev16_text), (4 bytes).
    Removing irq_timer.o(.revsh_text), (4 bytes).
    Removing irq_timer.o(.rrx_text), (6 bytes).
    Removing lib_timer.o(.rev16_text), (4 bytes).
    Removing lib_timer.o(.revsh_text), (4 bytes).
    Removing lib_timer.o(.rrx_text), (6 bytes).
    Removing glcd.o(.rev16_text), (4 bytes).
    Removing glcd.o(.revsh_text), (4 bytes).
    Removing glcd.o(.rrx_text), (6 bytes).
    Removing hzlib.o(.text), (36 bytes).
    Removing hzlib.o(.constdata), (216576 bytes).
    Removing irq_rit.o(.rev16_text), (4 bytes).
    Removing irq_rit.o(.revsh_text), (4 bytes).
    Removing irq_rit.o(.rrx_text), (6 bytes).
    Removing lib_rit.o(.rev16_text), (4 bytes).
    Removing lib_rit.o(.revsh_text), (4 bytes).
    Removing lib_rit.o(.rrx_text), (6 bytes).
    Removing funct_joystick.o(.rev16_text), (4 bytes).
    Removing funct_joystick.o(.revsh_text), (4 bytes).
    Removing funct_joystick.o(.rrx_text), (6 bytes).
    Removing funct_joystick.o(.text), (4 bytes).
    Removing lib_joystick.o(.rev16_text), (4 bytes).
    Removing lib_joystick.o(.revsh_text), (4 bytes).
    Removing lib_joystick.o(.rrx_text), (6 bytes).
    Removing game.o(.rev16_text), (4 bytes).
    Removing game.o(.revsh_text), (4 bytes).
    Removing game.o(.rrx_text), (6 bytes).

50 unused section(s) (total 217033 bytes) removed from the image.

==============================================================================

Image Symbol Table

    Local Symbols

    Symbol Name                              Value     Ov Type        Size  Object(Section)

    RESET                                    0x00000000   Section      204  startup_lpc17xx.o(RESET)
    ../clib/angel/boardlib.s                 0x00000000   Number         0  boardshut.o ABSOLUTE
    ../clib/angel/boardlib.s                 0x00000000   Number         0  boardinit1.o ABSOLUTE
    ../clib/angel/boardlib.s                 0x00000000   Number         0  boardinit3.o ABSOLUTE
    ../clib/angel/boardlib.s                 0x00000000   Number         0  boardinit2.o ABSOLUTE
    ../clib/angel/dclz77c.s                  0x00000000   Number         0  __dclz77c.o ABSOLUTE
    ../clib/angel/handlers.s                 0x00000000   Number         0  __scatter_copy.o ABSOLUTE
    ../clib/angel/handlers.s                 0x00000000   Number         0  __scatter_zi.o ABSOLUTE
    ../clib/angel/kernel.s                   0x00000000   Number         0  __rtentry2.o ABSOLUTE
    ../clib/angel/kernel.s                   0x00000000   Number         0  __rtentry.o ABSOLUTE
    ../clib/angel/kernel.s                   0x00000000   Number         0  rtexit.o ABSOLUTE
    ../clib/angel/kernel.s                   0x00000000   Number         0  __rtentry4.o ABSOLUTE
    ../clib/angel/kernel.s                   0x00000000   Number         0  rtexit2.o ABSOLUTE
    ../clib/angel/rt.s                       0x00000000   Number         0  rt_raise.o ABSOLUTE
    ../clib/angel/scatter.s                  0x00000000   Number         0  __scatter.o ABSOLUTE
    ../clib/angel/startup.s                  0x00000000   Number         0  __main.o ABSOLUTE
    ../clib/angel/sys.s                      0x00000000   Number         0  libspace.o ABSOLUTE
    ../clib/angel/sys.s                      0x00000000   Number         0  sys_stackheap_outer.o ABSOLUTE
    ../clib/angel/sys.s                      0x00000000   Number         0  indicate_semi.o ABSOLUTE
    ../clib/angel/sys.s                      0x00000000   Number         0  use_no_semi.o ABSOLUTE
    ../clib/angel/sysapp.c                   0x00000000   Number         0  sys_command.o ABSOLUTE
    ../clib/angel/sysapp.c                   0x00000000   Number         0  sys_exit.o ABSOLUTE
    ../clib/angel/sysapp.c                   0x00000000   Number         0  sys_wrch.o ABSOLUTE
    ../clib/armsys.c                         0x00000000   Number         0  no_argv.o ABSOLUTE
    ../clib/armsys.c                         0x00000000   Number         0  _get_argv_nomalloc.o ABSOLUTE
    ../clib/armsys.c                         0x00000000   Number         0  argv_veneer.o ABSOLUTE
    ../clib/armsys.c                         0x00000000   Number         0  argv_veneer.o ABSOLUTE
    ../clib/heapalloc.c                      0x00000000   Number         0  hrguard.o ABSOLUTE
    ../clib/heapaux.c                        0x00000000   Number         0  heapauxi.o ABSOLUTE
    ../clib/libinit.s                        0x00000000   Number         0  libinit2.o ABSOLUTE
    ../clib/libinit.s                        0x00000000   Number         0  libinit.o ABSOLUTE
    ../clib/libinit.s                        0x00000000   Number         0  libshutdown2.o ABSOLUTE
    ../clib/libinit.s                        0x00000000   Number         0  libshutdown.o ABSOLUTE
    ../clib/memcpset.s                       0x00000000   Number         0  rt_memcpy_w.o ABSOLUTE
    ../clib/memcpset.s                       0x00000000   Number         0  rt_memcpy_v6.o ABSOLUTE
    ../clib/printf.c                         0x00000000   Number         0  __printf_nopercent.o ABSOLUTE
    ../clib/printf.c                         0x00000000   Number         0  _printf_dec.o ABSOLUTE
    ../clib/printf.c                         0x00000000   Number         0  __printf.o ABSOLUTE
    ../clib/printf.c                         0x00000000   Number         0  __printf_flags_ss_wp.o ABSOLUTE
    ../clib/printf.c                         0x00000000   Number         0  __printf_ss_wp.o ABSOLUTE
    ../clib/printf.c                         0x00000000   Number         0  __printf_flags_wp.o ABSOLUTE
    ../clib/printf.c                         0x00000000   Number         0  __printf_wp.o ABSOLUTE
    ../clib/printf.c                         0x00000000   Number         0  noretval__2sprintf.o ABSOLUTE
    ../clib/printf.c                         0x00000000   Number         0  __printf_flags.o ABSOLUTE
    ../clib/printf.c                         0x00000000   Number         0  __2sprintf.o ABSOLUTE
    ../clib/printf.c                         0x00000000   Number         0  _printf_intcommon.o ABSOLUTE
    ../clib/printf.c                         0x00000000   Number         0  _printf_char_common.o ABSOLUTE
    ../clib/printf.c                         0x00000000   Number         0  __printf_ss.o ABSOLUTE
    ../clib/printf.c                         0x00000000   Number         0  _sputc.o ABSOLUTE
    ../clib/printf.c                         0x00000000   Number         0  __printf_flags_ss.o ABSOLUTE
    ../clib/printf_percent.s                 0x00000000   Number         0  _printf_percent_end.o ABSOLUTE
    ../clib/printf_percent.s                 0x00000000   Number         0  _printf_percent.o ABSOLUTE
    ../clib/printf_percent.s                 0x00000000   Number         0  _printf_d.o ABSOLUTE
    ../clib/signal.c                         0x00000000   Number         0  defsig_exit.o ABSOLUTE
    ../clib/signal.c                         0x00000000   Number         0  defsig_rtmem_inner.o ABSOLUTE
    ../clib/signal.c                         0x00000000   Number         0  __raise.o ABSOLUTE
    ../clib/signal.c                         0x00000000   Number         0  defsig_rtmem_formal.o ABSOLUTE
    ../clib/signal.c                         0x00000000   Number         0  defsig_fpe_inner.o ABSOLUTE
    ../clib/signal.c                         0x00000000   Number         0  defsig_rtred_inner.o ABSOLUTE
    ../clib/signal.c                         0x00000000   Number         0  defsig_stak_inner.o ABSOLUTE
    ../clib/signal.c                         0x00000000   Number         0  defsig_pvfn_inner.o ABSOLUTE
    ../clib/signal.c                         0x00000000   Number         0  defsig_cppl_inner.o ABSOLUTE
    ../clib/signal.c                         0x00000000   Number         0  defsig_segv_inner.o ABSOLUTE
    ../clib/signal.c                         0x00000000   Number         0  defsig_other.o ABSOLUTE
    ../clib/signal.c                         0x00000000   Number         0  defsig_rtmem_outer.o ABSOLUTE
    ../clib/signal.c                         0x00000000   Number         0  defsig_general.o ABSOLUTE
    ../clib/signal.c                         0x00000000   Number         0  defsig_abrt_inner.o ABSOLUTE
    ../clib/signal.s                         0x00000000   Number         0  defsig.o ABSOLUTE
    ../clib/stdlib.c                         0x00000000   Number         0  exit.o ABSOLUTE
    ../fplib/fpinit.s                        0x00000000   Number         0  fpinit.o ABSOLUTE
    GLCD\AsciiLib.c                          0x00000000   Number         0  asciilib.o ABSOLUTE
    GLCD\GLCD.c                              0x00000000   Number         0  glcd.o ABSOLUTE
    GLCD\HzLib.c                             0x00000000   Number         0  hzlib.o ABSOLUTE
    GLCD\\GLCD.c                             0x00000000   Number         0  glcd.o ABSOLUTE
    RIT\IRQ_RIT.c                            0x00000000   Number         0  irq_rit.o ABSOLUTE
    RIT\\IRQ_RIT.c                           0x00000000   Number         0  irq_rit.o ABSOLUTE
    RIT\\lib_RIT.c                           0x00000000   Number         0  lib_rit.o ABSOLUTE
    RIT\lib_RIT.c                            0x00000000   Number         0  lib_rit.o ABSOLUTE
    button_EXINT\IRQ_button.c                0x00000000   Number         0  irq_button.o ABSOLUTE
    button_EXINT\\IRQ_button.c               0x00000000   Number         0  irq_button.o ABSOLUTE
    button_EXINT\\lib_button.c               0x00000000   Number         0  lib_button.o ABSOLUTE
    button_EXINT\lib_button.c                0x00000000   Number         0  lib_button.o ABSOLUTE
    core_cm3.c                               0x00000000   Number         0  core_cm3.o ABSOLUTE
    core_cm3.c                               0x00000000   Number         0  core_cm3.o ABSOLUTE
    dc.s                                     0x00000000   Number         0  dc.o ABSOLUTE
    game.c                                   0x00000000   Number         0  game.o ABSOLUTE
    game.c                                   0x00000000   Number         0  game.o ABSOLUTE
    joystick\\funct_joystick.c               0x00000000   Number         0  funct_joystick.o ABSOLUTE
    joystick\\lib_joystick.c                 0x00000000   Number         0  lib_joystick.o ABSOLUTE
    joystick\funct_joystick.c                0x00000000   Number         0  funct_joystick.o ABSOLUTE
    joystick\lib_joystick.c                  0x00000000   Number         0  lib_joystick.o ABSOLUTE
    led\\funct_led.c                         0x00000000   Number         0  funct_led.o ABSOLUTE
    led\\lib_led.c                           0x00000000   Number         0  lib_led.o ABSOLUTE
    led\funct_led.c                          0x00000000   Number         0  funct_led.o ABSOLUTE
    led\lib_led.c                            0x00000000   Number         0  lib_led.o ABSOLUTE
    sample.c                                 0x00000000   Number         0  sample.o ABSOLUTE
    sample.c                                 0x00000000   Number         0  sample.o ABSOLUTE
    startup_LPC17xx.s                        0x00000000   Number         0  startup_lpc17xx.o ABSOLUTE
    system_LPC17xx.c                         0x00000000   Number         0  system_lpc17xx.o ABSOLUTE
    system_LPC17xx.c                         0x00000000   Number         0  system_lpc17xx.o ABSOLUTE
    timer\IRQ_timer.c                        0x00000000   Number         0  irq_timer.o ABSOLUTE
    timer\\IRQ_timer.c                       0x00000000   Number         0  irq_timer.o ABSOLUTE
    timer\\lib_timer.c                       0x00000000   Number         0  lib_timer.o ABSOLUTE
    timer\lib_timer.c                        0x00000000   Number         0  lib_timer.o ABSOLUTE
    !!!main                                  0x000000cc   Section        8  __main.o(!!!main)
    !!!scatter                               0x000000d4   Section       52  __scatter.o(!!!scatter)
    !!dclz77c                                0x00000108   Section      100  __dclz77c.o(!!dclz77c)
    !!handler_copy                           0x0000016c   Section       26  __scatter_copy.o(!!handler_copy)
    !!handler_zi                             0x00000188   Section       28  __scatter_zi.o(!!handler_zi)
    .ARM.Collect$$_printf_percent$$00000000  0x000001a4   Section        0  _printf_percent.o(.ARM.Collect$$_printf_percent$$00000000)
    .ARM.Collect$$_printf_percent$$00000009  0x000001a4   Section        6  _printf_d.o(.ARM.Collect$$_printf_percent$$00000009)
    .ARM.Collect$$_printf_percent$$00000017  0x000001aa   Section        4  _printf_percent_end.o(.ARM.Collect$$_printf_percent$$00000017)
    .ARM.Collect$$libinit$$00000000          0x000001ae   Section        2  libinit.o(.ARM.Collect$$libinit$$00000000)
    .ARM.Collect$$libinit$$00000002          0x000001b0   Section        0  libinit2.o(.ARM.Collect$$libinit$$00000002)
    .ARM.Collect$$libinit$$00000004          0x000001b0   Section        0  libinit2.o(.ARM.Collect$$libinit$$00000004)
    .ARM.Collect$$libinit$$0000000A          0x000001b0   Section        0  libinit2.o(.ARM.Collect$$libinit$$0000000A)
    .ARM.Collect$$libinit$$0000000C          0x000001b0   Section        0  libinit2.o(.ARM.Collect$$libinit$$0000000C)
    .ARM.Collect$$libinit$$0000000E          0x000001b0   Section        0  libinit2.o(.ARM.Collect$$libinit$$0000000E)
    .ARM.Collect$$libinit$$00000011          0x000001b0   Section        0  libinit2.o(.ARM.Collect$$libinit$$00000011)
    .ARM.Collect$$libinit$$00000013          0x000001b0   Section        0  libinit2.o(.ARM.Collect$$libinit$$00000013)
    .ARM.Collect$$libinit$$00000015          0x000001b0   Section        0  libinit2.o(.ARM.Collect$$libinit$$00000015)
    .ARM.Collect$$libinit$$00000017          0x000001b0   Section        0  libinit2.o(.ARM.Collect$$libinit$$00000017)
    .ARM.Collect$$libinit$$00000019          0x000001b0   Section        0  libinit2.o(.ARM.Collect$$libinit$$00000019)
    .ARM.Collect$$libinit$$0000001B          0x000001b0   Section        0  libinit2.o(.ARM.Collect$$libinit$$0000001B)
    .ARM.Collect$$libinit$$0000001D          0x000001b0   Section        0  libinit2.o(.ARM.Collect$$libinit$$0000001D)
    .ARM.Collect$$libinit$$0000001F          0x000001b0   Section        0  libinit2.o(.ARM.Collect$$libinit$$0000001F)
    .ARM.Collect$$libinit$$00000021          0x000001b0   Section        0  libinit2.o(.ARM.Collect$$libinit$$00000021)
    .ARM.Collect$$libinit$$00000023          0x000001b0   Section        0  libinit2.o(.ARM.Collect$$libinit$$00000023)
    .ARM.Collect$$libinit$$00000025          0x000001b0   Section        0  libinit2.o(.ARM.Collect$$libinit$$00000025)
    .ARM.Collect$$libinit$$0000002C          0x000001b0   Section        0  libinit2.o(.ARM.Collect$$libinit$$0000002C)
    .ARM.Collect$$libinit$$0000002E          0x000001b0   Section        0  libinit2.o(.ARM.Collect$$libinit$$0000002E)
    .ARM.Collect$$libinit$$00000030          0x000001b0   Section        0  libinit2.o(.ARM.Collect$$libinit$$00000030)
    .ARM.Collect$$libinit$$00000032          0x000001b0   Section        0  libinit2.o(.ARM.Collect$$libinit$$00000032)
    .ARM.Collect$$libinit$$00000033          0x000001b0   Section        2  libinit2.o(.ARM.Collect$$libinit$$00000033)
    .ARM.Collect$$libshutdown$$00000000      0x000001b2   Section        2  libshutdown.o(.ARM.Collect$$libshutdown$$00000000)
    .ARM.Collect$$libshutdown$$00000002      0x000001b4   Section        0  libshutdown2.o(.ARM.Collect$$libshutdown$$00000002)
    .ARM.Collect$$libshutdown$$00000004      0x000001b4   Section        0  libshutdown2.o(.ARM.Collect$$libshutdown$$00000004)
    .ARM.Collect$$libshutdown$$00000006      0x000001b4   Section        0  libshutdown2.o(.ARM.Collect$$libshutdown$$00000006)
    .ARM.Collect$$libshutdown$$00000009      0x000001b4   Section        0  libshutdown2.o(.ARM.Collect$$libshutdown$$00000009)
    .ARM.Collect$$libshutdown$$0000000C      0x000001b4   Section        0  libshutdown2.o(.ARM.Collect$$libshutdown$$0000000C)
    .ARM.Collect$$libshutdown$$0000000E      0x000001b4   Section        0  libshutdown2.o(.ARM.Collect$$libshutdown$$0000000E)
    .ARM.Collect$$libshutdown$$00000011      0x000001b4   Section        0  libshutdown2.o(.ARM.Collect$$libshutdown$$00000011)
    .ARM.Collect$$libshutdown$$00000012      0x000001b4   Section        2  libshutdown2.o(.ARM.Collect$$libshutdown$$00000012)
    .ARM.Collect$$rtentry$$00000000          0x000001b6   Section        0  __rtentry.o(.ARM.Collect$$rtentry$$00000000)
    .ARM.Collect$$rtentry$$00000002          0x000001b6   Section        0  __rtentry2.o(.ARM.Collect$$rtentry$$00000002)
    .ARM.Collect$$rtentry$$00000004          0x000001b6   Section        6  __rtentry4.o(.ARM.Collect$$rtentry$$00000004)
    .ARM.Collect$$rtentry$$00000009          0x000001bc   Section        0  __rtentry2.o(.ARM.Collect$$rtentry$$00000009)
    .ARM.Collect$$rtentry$$0000000A          0x000001bc   Section        4  __rtentry2.o(.ARM.Collect$$rtentry$$0000000A)
    .ARM.Collect$$rtentry$$0000000C          0x000001c0   Section        0  __rtentry2.o(.ARM.Collect$$rtentry$$0000000C)
    .ARM.Collect$$rtentry$$0000000D          0x000001c0   Section        8  __rtentry2.o(.ARM.Collect$$rtentry$$0000000D)
    .ARM.Collect$$rtexit$$00000000           0x000001c8   Section        2  rtexit.o(.ARM.Collect$$rtexit$$00000000)
    .ARM.Collect$$rtexit$$00000002           0x000001ca   Section        0  rtexit2.o(.ARM.Collect$$rtexit$$00000002)
    .ARM.Collect$$rtexit$$00000003           0x000001ca   Section        4  rtexit2.o(.ARM.Collect$$rtexit$$00000003)
    .ARM.Collect$$rtexit$$00000004           0x000001ce   Section        6  rtexit2.o(.ARM.Collect$$rtexit$$00000004)
    .text                                    0x000001d4   Section       52  startup_lpc17xx.o(.text)
    .text                                    0x00000208   Section        0  sample.o(.text)
    .text                                    0x00000258   Section        0  irq_button.o(.text)
    __NVIC_DisableIRQ                        0x000002b5   Thumb Code    34  irq_button.o(.text)
    .text                                    0x000002e8   Section        0  asciilib.o(.text)
    .ARM.__at_0x02FC                         0x000002fc   Section        4  startup_lpc17xx.o(.ARM.__at_0x02FC)
    .text                                    0x00000300   Section        0  system_lpc17xx.o(.text)
    .text                                    0x00000488   Section        0  lib_button.o(.text)
    __NVIC_EnableIRQ                         0x000004f3   Thumb Code    26  lib_button.o(.text)
    __NVIC_SetPriority                       0x0000050d   Thumb Code    32  lib_button.o(.text)
    .text                                    0x00000538   Section        0  irq_timer.o(.text)
    .text                                    0x00000550   Section        0  lib_timer.o(.text)
    __NVIC_EnableIRQ                         0x000005cb   Thumb Code    26  lib_timer.o(.text)
    .text                                    0x000005e8   Section        0  glcd.o(.text)
    LCD_Configuration                        0x000005e9   Thumb Code    18  glcd.o(.text)
    wait_delay                               0x000005fb   Thumb Code     8  glcd.o(.text)
    LCD_SetCursor                            0x00000603   Thumb Code  1082  glcd.o(.text)
    delay_ms                                 0x00000a3d   Thumb Code    28  glcd.o(.text)
    LCD_BGR2RGB                              0x00002843   Thumb Code    18  glcd.o(.text)
    .text                                    0x00002d30   Section        0  irq_rit.o(.text)
    __NVIC_EnableIRQ                         0x00002e33   Thumb Code    26  irq_rit.o(.text)
    .text                                    0x00002e68   Section        0  lib_rit.o(.text)
    .text                                    0x00002ecc   Section        0  lib_joystick.o(.text)
    .text                                    0x00002f2c   Section        0  game.o(.text)
    .text                                    0x00003d58   Section        0  noretval__2sprintf.o(.text)
    .text                                    0x00003d80   Section        0  __printf.o(.text)
    .text                                    0x00003de8   Section        0  _printf_dec.o(.text)
    .text                                    0x00003e60   Section      138  rt_memcpy_v6.o(.text)
    .text                                    0x00003eea   Section        0  heapauxi.o(.text)
    .text                                    0x00003ef0   Section        0  _printf_intcommon.o(.text)
    .text                                    0x00003fa4   Section        0  _printf_char_common.o(.text)
    _printf_input_char                       0x00003fa5   Thumb Code    10  _printf_char_common.o(.text)
    .text                                    0x00003fd4   Section        0  _sputc.o(.text)
    .text                                    0x00003fde   Section      100  rt_memcpy_w.o(.text)
    .text                                    0x00004042   Section       74  sys_stackheap_outer.o(.text)
    .text                                    0x0000408c   Section        0  exit.o(.text)
    .text                                    0x000040a0   Section        8  libspace.o(.text)
    .text                                    0x000040a8   Section        0  sys_exit.o(.text)
    .text                                    0x000040b4   Section        2  use_no_semi.o(.text)
    .constdata                               0x000040b6   Section     1520  asciilib.o(.constdata)
    .text                                    0x000040b6   Section        0  indicate_semi.o(.text)
    AsciiLib                                 0x000040b6   Data        1520  asciilib.o(.constdata)
    .data                                    0x10000000   Section     7208  game.o(.data)
    .data                                    0x2007c000   Section        4  system_lpc17xx.o(.data)
    .data                                    0x2007c004   Section        8  irq_button.o(.data)
    .data                                    0x2007c00c   Section        1  glcd.o(.data)
    LCD_Code                                 0x2007c00c   Data           1  glcd.o(.data)
    .data                                    0x2007c010   Section       20  irq_rit.o(.data)
    J_select                                 0x2007c010   Data           4  irq_rit.o(.data)
    J_up                                     0x2007c014   Data           4  irq_rit.o(.data)
    J_right                                  0x2007c018   Data           4  irq_rit.o(.data)
    J_left                                   0x2007c01c   Data           4  irq_rit.o(.data)
    J_down                                   0x2007c020   Data           4  irq_rit.o(.data)
    .bss                                     0x2007c024   Section      608  game.o(.bss)
    .bss                                     0x2007c284   Section       96  libspace.o(.bss)
    HEAP                                     0x2007c2e8   Section        0  startup_lpc17xx.o(HEAP)
    STACK                                    0x2007c2e8   Section      512  startup_lpc17xx.o(STACK)
    Heap_Mem                                 0x2007c2e8   Data           0  startup_lpc17xx.o(HEAP)
    Stack_Mem                                0x2007c2e8   Data         512  startup_lpc17xx.o(STACK)
    __initial_sp                             0x2007c4e8   Data           0  startup_lpc17xx.o(STACK)

    Global Symbols

    Symbol Name                              Value     Ov Type        Size  Object(Section)

    BuildAttributes$$THM_ISAv4$P$D$K$B$S$PE$A:L22UL41UL21$X:L11$S22US41US21$IEEE1$IW$USESV6$~STKCKD$USESV7$~SHL$OSPACE$ROPI$EBA8$UX$STANDARDLIB$REQ8$PRES8$EABIv2 0x00000000   Number         0  anon$$obj.o ABSOLUTE
    __ARM_use_no_argv                        0x00000000   Number         0  sample.o ABSOLUTE
    __Vectors                                0x00000000   Data           4  startup_lpc17xx.o(RESET)
    __ARM_exceptions_init                     - Undefined Weak Reference
    __alloca_initialize                       - Undefined Weak Reference
    __arm_fini_                               - Undefined Weak Reference
    __arm_preinit_                            - Undefined Weak Reference
    __cpp_initialize__aeabi_                  - Undefined Weak Reference
    __cxa_finalize                            - Undefined Weak Reference
    __rt_locale                               - Undefined Weak Reference
    __sigvec_lookup                           - Undefined Weak Reference
    _atexit_init                              - Undefined Weak Reference
    _call_atexit_fns                          - Undefined Weak Reference
    _clock_init                               - Undefined Weak Reference
    _fp_trap_init                             - Undefined Weak Reference
    _fp_trap_shutdown                         - Undefined Weak Reference
    _get_lc_collate                           - Undefined Weak Reference
    _get_lc_ctype                             - Undefined Weak Reference
    _get_lc_monetary                          - Undefined Weak Reference
    _get_lc_numeric                           - Undefined Weak Reference
    _get_lc_time                              - Undefined Weak Reference
    _getenv_init                              - Undefined Weak Reference
    _handle_redirection                       - Undefined Weak Reference
    _init_alloc                               - Undefined Weak Reference
    _init_user_alloc                          - Undefined Weak Reference
    _initio                                   - Undefined Weak Reference
    _printf_post_padding                      - Undefined Weak Reference
    _printf_pre_padding                       - Undefined Weak Reference
    _printf_truncate_signed                   - Undefined Weak Reference
    _printf_truncate_unsigned                 - Undefined Weak Reference
    _rand_init                                - Undefined Weak Reference
    _signal_finish                            - Undefined Weak Reference
    _signal_init                              - Undefined Weak Reference
    _terminate_alloc                          - Undefined Weak Reference
    _terminate_user_alloc                     - Undefined Weak Reference
    _terminateio                              - Undefined Weak Reference
    __main                                   0x000000cd   Thumb Code     8  __main.o(!!!main)
    __scatterload                            0x000000d5   Thumb Code     0  __scatter.o(!!!scatter)
    __scatterload_rt2                        0x000000d5   Thumb Code    44  __scatter.o(!!!scatter)
    __scatterload_rt2_thumb_only             0x000000d5   Thumb Code     0  __scatter.o(!!!scatter)
    __scatterload_null                       0x000000e3   Thumb Code     0  __scatter.o(!!!scatter)
    __decompress                             0x00000109   Thumb Code   100  __dclz77c.o(!!dclz77c)
    __decompress2                            0x00000109   Thumb Code     0  __dclz77c.o(!!dclz77c)
    __scatterload_copy                       0x0000016d   Thumb Code    26  __scatter_copy.o(!!handler_copy)
    __scatterload_zeroinit                   0x00000189   Thumb Code    28  __scatter_zi.o(!!handler_zi)
    _printf_d                                0x000001a5   Thumb Code     0  _printf_d.o(.ARM.Collect$$_printf_percent$$00000009)
    _printf_percent                          0x000001a5   Thumb Code     0  _printf_percent.o(.ARM.Collect$$_printf_percent$$00000000)
    _printf_percent_end                      0x000001ab   Thumb Code     0  _printf_percent_end.o(.ARM.Collect$$_printf_percent$$00000017)
    __rt_lib_init                            0x000001af   Thumb Code     0  libinit.o(.ARM.Collect$$libinit$$00000000)
    __rt_lib_init_alloca_1                   0x000001b1   Thumb Code     0  libinit2.o(.ARM.Collect$$libinit$$0000002E)
    __rt_lib_init_argv_1                     0x000001b1   Thumb Code     0  libinit2.o(.ARM.Collect$$libinit$$0000002C)
    __rt_lib_init_atexit_1                   0x000001b1   Thumb Code     0  libinit2.o(.ARM.Collect$$libinit$$0000001B)
    __rt_lib_init_clock_1                    0x000001b1   Thumb Code     0  libinit2.o(.ARM.Collect$$libinit$$00000021)
    __rt_lib_init_cpp_1                      0x000001b1   Thumb Code     0  libinit2.o(.ARM.Collect$$libinit$$00000032)
    __rt_lib_init_exceptions_1               0x000001b1   Thumb Code     0  libinit2.o(.ARM.Collect$$libinit$$00000030)
    __rt_lib_init_fp_1                       0x000001b1   Thumb Code     0  libinit2.o(.ARM.Collect$$libinit$$00000002)
    __rt_lib_init_fp_trap_1                  0x000001b1   Thumb Code     0  libinit2.o(.ARM.Collect$$libinit$$0000001F)
    __rt_lib_init_getenv_1                   0x000001b1   Thumb Code     0  libinit2.o(.ARM.Collect$$libinit$$00000023)
    __rt_lib_init_heap_1                     0x000001b1   Thumb Code     0  libinit2.o(.ARM.Collect$$libinit$$0000000A)
    __rt_lib_init_lc_collate_1               0x000001b1   Thumb Code     0  libinit2.o(.ARM.Collect$$libinit$$00000011)
    __rt_lib_init_lc_ctype_1                 0x000001b1   Thumb Code     0  libinit2.o(.ARM.Collect$$libinit$$00000013)
    __rt_lib_init_lc_monetary_1              0x000001b1   Thumb Code     0  libinit2.o(.ARM.Collect$$libinit$$00000015)
    __rt_lib_init_lc_numeric_1               0x000001b1   Thumb Code     0  libinit2.o(.ARM.Collect$$libinit$$00000017)
    __rt_lib_init_lc_time_1                  0x000001b1   Thumb Code     0  libinit2.o(.ARM.Collect$$libinit$$00000019)
    __rt_lib_init_preinit_1                  0x000001b1   Thumb Code     0  libinit2.o(.ARM.Collect$$libinit$$00000004)
    __rt_lib_init_rand_1                     0x000001b1   Thumb Code     0  libinit2.o(.ARM.Collect$$libinit$$0000000E)
    __rt_lib_init_return                     0x000001b1   Thumb Code     0  libinit2.o(.ARM.Collect$$libinit$$00000033)
    __rt_lib_init_signal_1                   0x000001b1   Thumb Code     0  libinit2.o(.ARM.Collect$$libinit$$0000001D)
    __rt_lib_init_stdio_1                    0x000001b1   Thumb Code     0  libinit2.o(.ARM.Collect$$libinit$$00000025)
    __rt_lib_init_user_alloc_1               0x000001b1   Thumb Code     0  libinit2.o(.ARM.Collect$$libinit$$0000000C)
    __rt_lib_shutdown                        0x000001b3   Thumb Code     0  libshutdown.o(.ARM.Collect$$libshutdown$$00000000)
    __rt_lib_shutdown_cpp_1                  0x000001b5   Thumb Code     0  libshutdown2.o(.ARM.Collect$$libshutdown$$00000004)
    __rt_lib_shutdown_fini_1                 0x000001b5   Thumb Code     0  libshutdown2.o(.ARM.Collect$$libshutdown$$00000002)
    __rt_lib_shutdown_fp_trap_1              0x000001b5   Thumb Code     0  libshutdown2.o(.ARM.Collect$$libshutdown$$00000009)
    __rt_lib_shutdown_heap_1                 0x000001b5   Thumb Code     0  libshutdown2.o(.ARM.Collect$$libshutdown$$00000011)
    __rt_lib_shutdown_return                 0x000001b5   Thumb Code     0  libshutdown2.o(.ARM.Collect$$libshutdown$$00000012)
    __rt_lib_shutdown_signal_1               0x000001b5   Thumb Code     0  libshutdown2.o(.ARM.Collect$$libshutdown$$0000000C)
    __rt_lib_shutdown_stdio_1                0x000001b5   Thumb Code     0  libshutdown2.o(.ARM.Collect$$libshutdown$$00000006)
    __rt_lib_shutdown_user_alloc_1           0x000001b5   Thumb Code     0  libshutdown2.o(.ARM.Collect$$libshutdown$$0000000E)
    __rt_entry                               0x000001b7   Thumb Code     0  __rtentry.o(.ARM.Collect$$rtentry$$00000000)
    __rt_entry_presh_1                       0x000001b7   Thumb Code     0  __rtentry2.o(.ARM.Collect$$rtentry$$00000002)
    __rt_entry_sh                            0x000001b7   Thumb Code     0  __rtentry4.o(.ARM.Collect$$rtentry$$00000004)
    __rt_entry_li                            0x000001bd   Thumb Code     0  __rtentry2.o(.ARM.Collect$$rtentry$$0000000A)
    __rt_entry_postsh_1                      0x000001bd   Thumb Code     0  __rtentry2.o(.ARM.Collect$$rtentry$$00000009)
    __rt_entry_main                          0x000001c1   Thumb Code     0  __rtentry2.o(.ARM.Collect$$rtentry$$0000000D)
    __rt_entry_postli_1                      0x000001c1   Thumb Code     0  __rtentry2.o(.ARM.Collect$$rtentry$$0000000C)
    __rt_exit                                0x000001c9   Thumb Code     0  rtexit.o(.ARM.Collect$$rtexit$$00000000)
    __rt_exit_ls                             0x000001cb   Thumb Code     0  rtexit2.o(.ARM.Collect$$rtexit$$00000003)
    __rt_exit_prels_1                        0x000001cb   Thumb Code     0  rtexit2.o(.ARM.Collect$$rtexit$$00000002)
    __rt_exit_exit                           0x000001cf   Thumb Code     0  rtexit2.o(.ARM.Collect$$rtexit$$00000004)
    Reset_Handler                            0x000001d5   Thumb Code     4  startup_lpc17xx.o(.text)
    NMI_Handler                              0x000001d9   Thumb Code     2  startup_lpc17xx.o(.text)
    HardFault_Handler                        0x000001db   Thumb Code     2  startup_lpc17xx.o(.text)
    MemManage_Handler                        0x000001dd   Thumb Code     2  startup_lpc17xx.o(.text)
    BusFault_Handler                         0x000001df   Thumb Code     2  startup_lpc17xx.o(.text)
    UsageFault_Handler                       0x000001e1   Thumb Code     2  startup_lpc17xx.o(.text)
    SVC_Handler                              0x000001e3   Thumb Code     2  startup_lpc17xx.o(.text)
    DebugMon_Handler                         0x000001e5   Thumb Code     2  startup_lpc17xx.o(.text)
    PendSV_Handler                           0x000001e7   Thumb Code     2  startup_lpc17xx.o(.text)
    SysTick_Handler                          0x000001e9   Thumb Code     2  startup_lpc17xx.o(.text)
    ADC_IRQHandler                           0x000001eb   Thumb Code     0  startup_lpc17xx.o(.text)
    BOD_IRQHandler                           0x000001eb   Thumb Code     0  startup_lpc17xx.o(.text)
    CANActivity_IRQHandler                   0x000001eb   Thumb Code     0  startup_lpc17xx.o(.text)
    CAN_IRQHandler                           0x000001eb   Thumb Code     0  startup_lpc17xx.o(.text)
    DMA_IRQHandler                           0x000001eb   Thumb Code     0  startup_lpc17xx.o(.text)
    EINT3_IRQHandler                         0x000001eb   Thumb Code     0  startup_lpc17xx.o(.text)
    ENET_IRQHandler                          0x000001eb   Thumb Code     0  startup_lpc17xx.o(.text)
    I2C0_IRQHandler                          0x000001eb   Thumb Code     0  startup_lpc17xx.o(.text)
    I2C1_IRQHandler                          0x000001eb   Thumb Code     0  startup_lpc17xx.o(.text)
    I2C2_IRQHandler                          0x000001eb   Thumb Code     0  startup_lpc17xx.o(.text)
    I2S_IRQHandler                           0x000001eb   Thumb Code     0  startup_lpc17xx.o(.text)
    MCPWM_IRQHandler                         0x000001eb   Thumb Code     0  startup_lpc17xx.o(.text)
    PLL0_IRQHandler                          0x000001eb   Thumb Code     0  startup_lpc17xx.o(.text)
    PLL1_IRQHandler                          0x000001eb   Thumb Code     0  startup_lpc17xx.o(.text)
    PWM1_IRQHandler                          0x000001eb   Thumb Code     0  startup_lpc17xx.o(.text)
    QEI_IRQHandler                           0x000001eb   Thumb Code     0  startup_lpc17xx.o(.text)
    RTC_IRQHandler                           0x000001eb   Thumb Code     0  startup_lpc17xx.o(.text)
    SPI_IRQHandler                           0x000001eb   Thumb Code     0  startup_lpc17xx.o(.text)
    SSP0_IRQHandler                          0x000001eb   Thumb Code     0  startup_lpc17xx.o(.text)
    SSP1_IRQHandler                          0x000001eb   Thumb Code     0  startup_lpc17xx.o(.text)
    TIMER2_IRQHandler                        0x000001eb   Thumb Code     0  startup_lpc17xx.o(.text)
    TIMER3_IRQHandler                        0x000001eb   Thumb Code     0  startup_lpc17xx.o(.text)
    UART0_IRQHandler                         0x000001eb   Thumb Code     0  startup_lpc17xx.o(.text)
    UART1_IRQHandler                         0x000001eb   Thumb Code     0  startup_lpc17xx.o(.text)
    UART2_IRQHandler                         0x000001eb   Thumb Code     0  startup_lpc17xx.o(.text)
    UART3_IRQHandler                         0x000001eb   Thumb Code     0  startup_lpc17xx.o(.text)
    USBActivity_IRQHandler                   0x000001eb   Thumb Code     0  startup_lpc17xx.o(.text)
    USB_IRQHandler                           0x000001eb   Thumb Code     0  startup_lpc17xx.o(.text)
    WDT_IRQHandler                           0x000001eb   Thumb Code     0  startup_lpc17xx.o(.text)
    __user_initial_stackheap                 0x000001ed   Thumb Code     0  startup_lpc17xx.o(.text)
    main                                     0x00000209   Thumb Code    70  sample.o(.text)
    EINT0_IRQHandler                         0x00000259   Thumb Code    20  irq_button.o(.text)
    EINT1_IRQHandler                         0x0000026d   Thumb Code    36  irq_button.o(.text)
    EINT2_IRQHandler                         0x00000291   Thumb Code    36  irq_button.o(.text)
    GetASCIICode                             0x000002e9   Thumb Code    14  asciilib.o(.text)
    SystemInit                               0x00000301   Thumb Code   360  system_lpc17xx.o(.text)
    BUTTON_init                              0x00000489   Thumb Code   106  lib_button.o(.text)
    TIMER0_IRQHandler                        0x00000539   Thumb Code    10  irq_timer.o(.text)
    TIMER1_IRQHandler                        0x00000543   Thumb Code     8  irq_timer.o(.text)
    enable_timer                             0x00000551   Thumb Code    20  lib_timer.o(.text)
    disable_timer                            0x00000565   Thumb Code    20  lib_timer.o(.text)
    reset_timer                              0x00000579   Thumb Code    30  lib_timer.o(.text)
    init_timer                               0x00000597   Thumb Code    52  lib_timer.o(.text)
    LCD_Initialization                       0x00000a59   Thumb Code  6592  glcd.o(.text)
    LCD_Clear                                0x00002419   Thumb Code  1066  glcd.o(.text)
    LCD_GetPoint                             0x00002855   Thumb Code   620  glcd.o(.text)
    LCD_SetPoint                             0x00002ac1   Thumb Code   156  glcd.o(.text)
    LCD_DrawLine                             0x00002b5d   Thumb Code   244  glcd.o(.text)
    PutChar                                  0x00002c51   Thumb Code    90  glcd.o(.text)
    GUI_Text                                 0x00002cab   Thumb Code    70  glcd.o(.text)
    LCD_DrawArray                            0x00002cf1   Thumb Code    62  glcd.o(.text)
    RIT_IRQHandler                           0x00002d31   Thumb Code   258  irq_rit.o(.text)
    enable_RIT                               0x00002e69   Thumb Code    12  lib_rit.o(.text)
    disable_RIT                              0x00002e75   Thumb Code    12  lib_rit.o(.text)
    reset_RIT                                0x00002e81   Thumb Code     8  lib_rit.o(.text)
    init_RIT                                 0x00002e89   Thumb Code    58  lib_rit.o(.text)
    joystick_init                            0x00002ecd   Thumb Code    86  lib_joystick.o(.text)
    write_remaining_walls_player2            0x00002f2d   Thumb Code    64  game.o(.text)
    write_remaining_walls_player1            0x00002f6d   Thumb Code    62  game.o(.text)
    highlight_cell                           0x00002fab   Thumb Code   456  game.o(.text)
    is_cell_free                             0x00003173   Thumb Code   178  game.o(.text)
    availablePlayerCells                     0x00003225   Thumb Code   212  game.o(.text)
    set_initial_player_positions             0x000032f9   Thumb Code   108  game.o(.text)
    starting_player                          0x00003365   Thumb Code     8  game.o(.text)
    initialize_game                          0x0000336d   Thumb Code    70  game.o(.text)
    start_game                               0x000033b3   Thumb Code     4  game.o(.text)
    draw_boardgame                           0x000033b7   Thumb Code   214  game.o(.text)
    print_value_on_screen                    0x0000348d   Thumb Code    72  game.o(.text)
    cancel_actual_token_position             0x000034d5   Thumb Code    54  game.o(.text)
    draw_new_token_position                  0x0000350b   Thumb Code    42  game.o(.text)
    move_token_up                            0x00003535   Thumb Code   258  game.o(.text)
    restore_highlighted_cells                0x00003637   Thumb Code   488  game.o(.text)
    restore_available_player_cells           0x0000381f   Thumb Code   210  game.o(.text)
    change_player_turn                       0x000038f1   Thumb Code    64  game.o(.text)
    conferm_player_move                      0x00003931   Thumb Code    88  game.o(.text)
    set_temp_cordinates_player               0x00003989   Thumb Code    40  game.o(.text)
    preview_move_token                       0x000039b1   Thumb Code   934  game.o(.text)
    __2sprintf                               0x00003d59   Thumb Code    34  noretval__2sprintf.o(.text)
    __printf                                 0x00003d81   Thumb Code   104  __printf.o(.text)
    _printf_int_dec                          0x00003de9   Thumb Code   104  _printf_dec.o(.text)
    __aeabi_memcpy                           0x00003e61   Thumb Code     0  rt_memcpy_v6.o(.text)
    __rt_memcpy                              0x00003e61   Thumb Code   138  rt_memcpy_v6.o(.text)
    _memcpy_lastbytes                        0x00003ec7   Thumb Code     0  rt_memcpy_v6.o(.text)
    __use_two_region_memory                  0x00003eeb   Thumb Code     2  heapauxi.o(.text)
    __rt_heap_escrow$2region                 0x00003eed   Thumb Code     2  heapauxi.o(.text)
    __rt_heap_expand$2region                 0x00003eef   Thumb Code     2  heapauxi.o(.text)
    _printf_int_common                       0x00003ef1   Thumb Code   178  _printf_intcommon.o(.text)
    _printf_char_common                      0x00003faf   Thumb Code    32  _printf_char_common.o(.text)
    _sputc                                   0x00003fd5   Thumb Code    10  _sputc.o(.text)
    __aeabi_memcpy4                          0x00003fdf   Thumb Code     0  rt_memcpy_w.o(.text)
    __aeabi_memcpy8                          0x00003fdf   Thumb Code     0  rt_memcpy_w.o(.text)
    __rt_memcpy_w                            0x00003fdf   Thumb Code   100  rt_memcpy_w.o(.text)
    _memcpy_lastbytes_aligned                0x00004027   Thumb Code     0  rt_memcpy_w.o(.text)
    __user_setup_stackheap                   0x00004043   Thumb Code    74  sys_stackheap_outer.o(.text)
    exit                                     0x0000408d   Thumb Code    18  exit.o(.text)
    __user_libspace                          0x000040a1   Thumb Code     8  libspace.o(.text)
    __user_perproc_libspace                  0x000040a1   Thumb Code     0  libspace.o(.text)
    __user_perthread_libspace                0x000040a1   Thumb Code     0  libspace.o(.text)
    _sys_exit                                0x000040a9   Thumb Code     8  sys_exit.o(.text)
    __I$use$semihosting                      0x000040b5   Thumb Code     0  use_no_semi.o(.text)
    __use_no_semihosting_swi                 0x000040b5   Thumb Code     2  use_no_semi.o(.text)
    __semihosting_library_function           0x000040b7   Thumb Code     0  indicate_semi.o(.text)
    Region$$Table$$Base                      0x000046a8   Number         0  anon$$obj.o(Region$$Table)
    Region$$Table$$Limit                     0x000046d8   Number         0  anon$$obj.o(Region$$Table)
    firstTimePlayer1                         0x10000000   Data           4  game.o(.data)
    firstTimePlayer2                         0x10000004   Data           4  game.o(.data)
    cell_background                          0x10000008   Data        1800  game.o(.data)
    player1_draw                             0x10000710   Data        1800  game.o(.data)
    player2_draw                             0x10000e18   Data        1800  game.o(.data)
    highlighted_cell                         0x10001520   Data        1800  game.o(.data)
    SystemFrequency                          0x2007c000   Data           4  system_lpc17xx.o(.data)
    down_1                                   0x2007c004   Data           4  irq_button.o(.data)
    down_2                                   0x2007c008   Data           4  irq_button.o(.data)
    game                                     0x2007c024   Data         608  game.o(.bss)
    __libspace_start                         0x2007c284   Data          96  libspace.o(.bss)
    __temporary_stack_top$libspace           0x2007c2e4   Data           0  libspace.o(.bss)



==============================================================================

Memory Map of the image

  Image Entry point : 0x000000cd

  Load Region LR_IROM1 (Base: 0x00000000, Size: 0x00006324, Max: 0x00080000, ABSOLUTE, COMPRESSED[0x0000481c])

    Execution Region ER_IROM1 (Exec base: 0x00000000, Load base: 0x00000000, Size: 0x000046d8, Max: 0x00080000, ABSOLUTE)

    Exec Addr    Load Addr    Size         Type   Attr      Idx    E Section Name        Object

    0x00000000   0x00000000   0x000000cc   Data   RO            3    RESET               startup_lpc17xx.o
    0x000000cc   0x000000cc   0x00000008   Code   RO          574  * !!!main             c_w.l(__main.o)
    0x000000d4   0x000000d4   0x00000034   Code   RO          746    !!!scatter          c_w.l(__scatter.o)
    0x00000108   0x00000108   0x00000064   Code   RO          744    !!dclz77c           c_w.l(__dclz77c.o)
    0x0000016c   0x0000016c   0x0000001a   Code   RO          748    !!handler_copy      c_w.l(__scatter_copy.o)
    0x00000186   0x00000186   0x00000002   PAD
    0x00000188   0x00000188   0x0000001c   Code   RO          750    !!handler_zi        c_w.l(__scatter_zi.o)
    0x000001a4   0x000001a4   0x00000000   Code   RO          569    .ARM.Collect$$_printf_percent$$00000000  c_w.l(_printf_percent.o)
    0x000001a4   0x000001a4   0x00000006   Code   RO          568    .ARM.Collect$$_printf_percent$$00000009  c_w.l(_printf_d.o)
    0x000001aa   0x000001aa   0x00000004   Code   RO          583    .ARM.Collect$$_printf_percent$$00000017  c_w.l(_printf_percent_end.o)
    0x000001ae   0x000001ae   0x00000002   Code   RO          612    .ARM.Collect$$libinit$$00000000  c_w.l(libinit.o)
    0x000001b0   0x000001b0   0x00000000   Code   RO          619    .ARM.Collect$$libinit$$00000002  c_w.l(libinit2.o)
    0x000001b0   0x000001b0   0x00000000   Code   RO          621    .ARM.Collect$$libinit$$00000004  c_w.l(libinit2.o)
    0x000001b0   0x000001b0   0x00000000   Code   RO          624    .ARM.Collect$$libinit$$0000000A  c_w.l(libinit2.o)
    0x000001b0   0x000001b0   0x00000000   Code   RO          626    .ARM.Collect$$libinit$$0000000C  c_w.l(libinit2.o)
    0x000001b0   0x000001b0   0x00000000   Code   RO          628    .ARM.Collect$$libinit$$0000000E  c_w.l(libinit2.o)
    0x000001b0   0x000001b0   0x00000000   Code   RO          631    .ARM.Collect$$libinit$$00000011  c_w.l(libinit2.o)
    0x000001b0   0x000001b0   0x00000000   Code   RO          633    .ARM.Collect$$libinit$$00000013  c_w.l(libinit2.o)
    0x000001b0   0x000001b0   0x00000000   Code   RO          635    .ARM.Collect$$libinit$$00000015  c_w.l(libinit2.o)
    0x000001b0   0x000001b0   0x00000000   Code   RO          637    .ARM.Collect$$libinit$$00000017  c_w.l(libinit2.o)
    0x000001b0   0x000001b0   0x00000000   Code   RO          639    .ARM.Collect$$libinit$$00000019  c_w.l(libinit2.o)
    0x000001b0   0x000001b0   0x00000000   Code   RO          641    .ARM.Collect$$libinit$$0000001B  c_w.l(libinit2.o)
    0x000001b0   0x000001b0   0x00000000   Code   RO          643    .ARM.Collect$$libinit$$0000001D  c_w.l(libinit2.o)
    0x000001b0   0x000001b0   0x00000000   Code   RO          645    .ARM.Collect$$libinit$$0000001F  c_w.l(libinit2.o)
    0x000001b0   0x000001b0   0x00000000   Code   RO          647    .ARM.Collect$$libinit$$00000021  c_w.l(libinit2.o)
    0x000001b0   0x000001b0   0x00000000   Code   RO          649    .ARM.Collect$$libinit$$00000023  c_w.l(libinit2.o)
    0x000001b0   0x000001b0   0x00000000   Code   RO          651    .ARM.Collect$$libinit$$00000025  c_w.l(libinit2.o)
    0x000001b0   0x000001b0   0x00000000   Code   RO          655    .ARM.Collect$$libinit$$0000002C  c_w.l(libinit2.o)
    0x000001b0   0x000001b0   0x00000000   Code   RO          657    .ARM.Collect$$libinit$$0000002E  c_w.l(libinit2.o)
    0x000001b0   0x000001b0   0x00000000   Code   RO          659    .ARM.Collect$$libinit$$00000030  c_w.l(libinit2.o)
    0x000001b0   0x000001b0   0x00000000   Code   RO          661    .ARM.Collect$$libinit$$00000032  c_w.l(libinit2.o)
    0x000001b0   0x000001b0   0x00000002   Code   RO          662    .ARM.Collect$$libinit$$00000033  c_w.l(libinit2.o)
    0x000001b2   0x000001b2   0x00000002   Code   RO          682    .ARM.Collect$$libshutdown$$00000000  c_w.l(libshutdown.o)
    0x000001b4   0x000001b4   0x00000000   Code   RO          695    .ARM.Collect$$libshutdown$$00000002  c_w.l(libshutdown2.o)
    0x000001b4   0x000001b4   0x00000000   Code   RO          697    .ARM.Collect$$libshutdown$$00000004  c_w.l(libshutdown2.o)
    0x000001b4   0x000001b4   0x00000000   Code   RO          699    .ARM.Collect$$libshutdown$$00000006  c_w.l(libshutdown2.o)
    0x000001b4   0x000001b4   0x00000000   Code   RO          702    .ARM.Collect$$libshutdown$$00000009  c_w.l(libshutdown2.o)
    0x000001b4   0x000001b4   0x00000000   Code   RO          705    .ARM.Collect$$libshutdown$$0000000C  c_w.l(libshutdown2.o)
    0x000001b4   0x000001b4   0x00000000   Code   RO          707    .ARM.Collect$$libshutdown$$0000000E  c_w.l(libshutdown2.o)
    0x000001b4   0x000001b4   0x00000000   Code   RO          710    .ARM.Collect$$libshutdown$$00000011  c_w.l(libshutdown2.o)
    0x000001b4   0x000001b4   0x00000002   Code   RO          711    .ARM.Collect$$libshutdown$$00000012  c_w.l(libshutdown2.o)
    0x000001b6   0x000001b6   0x00000000   Code   RO          576    .ARM.Collect$$rtentry$$00000000  c_w.l(__rtentry.o)
    0x000001b6   0x000001b6   0x00000000   Code   RO          587    .ARM.Collect$$rtentry$$00000002  c_w.l(__rtentry2.o)
    0x000001b6   0x000001b6   0x00000006   Code   RO          599    .ARM.Collect$$rtentry$$00000004  c_w.l(__rtentry4.o)
    0x000001bc   0x000001bc   0x00000000   Code   RO          589    .ARM.Collect$$rtentry$$00000009  c_w.l(__rtentry2.o)
    0x000001bc   0x000001bc   0x00000004   Code   RO          590    .ARM.Collect$$rtentry$$0000000A  c_w.l(__rtentry2.o)
    0x000001c0   0x000001c0   0x00000000   Code   RO          592    .ARM.Collect$$rtentry$$0000000C  c_w.l(__rtentry2.o)
    0x000001c0   0x000001c0   0x00000008   Code   RO          593    .ARM.Collect$$rtentry$$0000000D  c_w.l(__rtentry2.o)
    0x000001c8   0x000001c8   0x00000002   Code   RO          616    .ARM.Collect$$rtexit$$00000000  c_w.l(rtexit.o)
    0x000001ca   0x000001ca   0x00000000   Code   RO          664    .ARM.Collect$$rtexit$$00000002  c_w.l(rtexit2.o)
    0x000001ca   0x000001ca   0x00000004   Code   RO          665    .ARM.Collect$$rtexit$$00000003  c_w.l(rtexit2.o)
    0x000001ce   0x000001ce   0x00000006   Code   RO          666    .ARM.Collect$$rtexit$$00000004  c_w.l(rtexit2.o)
    0x000001d4   0x000001d4   0x00000034   Code   RO            5    .text               startup_lpc17xx.o
    0x00000208   0x00000208   0x00000050   Code   RO           80    .text               sample.o
    0x00000258   0x00000258   0x00000090   Code   RO          126    .text               irq_button.o
    0x000002e8   0x000002e8   0x00000014   Code   RO          311    .text               asciilib.o
    0x000002fc   0x000002fc   0x00000004   Code   RO            4    .ARM.__at_0x02FC    startup_lpc17xx.o
    0x00000300   0x00000300   0x00000188   Code   RO           30    .text               system_lpc17xx.o
    0x00000488   0x00000488   0x000000b0   Code   RO          170    .text               lib_button.o
    0x00000538   0x00000538   0x00000018   Code   RO          259    .text               irq_timer.o
    0x00000550   0x00000550   0x00000098   Code   RO          286    .text               lib_timer.o
    0x000005e8   0x000005e8   0x00002746   Code   RO          334    .text               glcd.o
    0x00002d2e   0x00002d2e   0x00000002   PAD
    0x00002d30   0x00002d30   0x00000138   Code   RO          384    .text               irq_rit.o
    0x00002e68   0x00002e68   0x00000064   Code   RO          425    .text               lib_rit.o
    0x00002ecc   0x00002ecc   0x00000060   Code   RO          473    .text               lib_joystick.o
    0x00002f2c   0x00002f2c   0x00000e2a   Code   RO          497    .text               game.o
    0x00003d56   0x00003d56   0x00000002   PAD
    0x00003d58   0x00003d58   0x00000028   Code   RO          542    .text               c_w.l(noretval__2sprintf.o)
    0x00003d80   0x00003d80   0x00000068   Code   RO          544    .text               c_w.l(__printf.o)
    0x00003de8   0x00003de8   0x00000078   Code   RO          546    .text               c_w.l(_printf_dec.o)
    0x00003e60   0x00003e60   0x0000008a   Code   RO          570    .text               c_w.l(rt_memcpy_v6.o)
    0x00003eea   0x00003eea   0x00000006   Code   RO          572    .text               c_w.l(heapauxi.o)
    0x00003ef0   0x00003ef0   0x000000b2   Code   RO          577    .text               c_w.l(_printf_intcommon.o)
    0x00003fa2   0x00003fa2   0x00000002   PAD
    0x00003fa4   0x00003fa4   0x00000030   Code   RO          579    .text               c_w.l(_printf_char_common.o)
    0x00003fd4   0x00003fd4   0x0000000a   Code   RO          581    .text               c_w.l(_sputc.o)
    0x00003fde   0x00003fde   0x00000064   Code   RO          584    .text               c_w.l(rt_memcpy_w.o)
    0x00004042   0x00004042   0x0000004a   Code   RO          603    .text               c_w.l(sys_stackheap_outer.o)
    0x0000408c   0x0000408c   0x00000012   Code   RO          605    .text               c_w.l(exit.o)
    0x0000409e   0x0000409e   0x00000002   PAD
    0x000040a0   0x000040a0   0x00000008   Code   RO          613    .text               c_w.l(libspace.o)
    0x000040a8   0x000040a8   0x0000000c   Code   RO          674    .text               c_w.l(sys_exit.o)
    0x000040b4   0x000040b4   0x00000002   Code   RO          685    .text               c_w.l(use_no_semi.o)
    0x000040b6   0x000040b6   0x00000000   Code   RO          687    .text               c_w.l(indicate_semi.o)
    0x000040b6   0x000040b6   0x000005f0   Data   RO          312    .constdata          asciilib.o
    0x000046a6   0x000046a6   0x00000002   PAD
    0x000046a8   0x000046a8   0x00000030   Data   RO          742    Region$$Table       anon$$obj.o


    Execution Region RW_IRAM1 (Exec base: 0x10000000, Load base: 0x000046d8, Size: 0x00001c28, Max: 0x00008000, ABSOLUTE, COMPRESSED[0x00000120])

    Exec Addr    Load Addr    Size         Type   Attr      Idx    E Section Name        Object

    0x10000000   COMPRESSED   0x00001c28   Data   RW          499    .data               game.o


    Execution Region RW_IRAM2 (Exec base: 0x2007c000, Load base: 0x000047f8, Size: 0x000004e8, Max: 0x00008000, ABSOLUTE)

    Exec Addr    Load Addr    Size         Type   Attr      Idx    E Section Name        Object

    0x2007c000   0x000047f8   0x00000004   Data   RW           31    .data               system_lpc17xx.o
    0x2007c004   0x000047fc   0x00000008   Data   RW          127    .data               irq_button.o
    0x2007c00c   0x00004804   0x00000001   Data   RW          335    .data               glcd.o
    0x2007c00d   0x00004805   0x00000003   PAD
    0x2007c010   0x00004808   0x00000014   Data   RW          385    .data               irq_rit.o
    0x2007c024        -       0x00000260   Zero   RW          498    .bss                game.o
    0x2007c284        -       0x00000060   Zero   RW          614    .bss                c_w.l(libspace.o)
    0x2007c2e4   0x0000481c   0x00000004   PAD
    0x2007c2e8        -       0x00000000   Zero   RW            2    HEAP                startup_lpc17xx.o
    0x2007c2e8        -       0x00000200   Zero   RW            1    STACK               startup_lpc17xx.o


==============================================================================

Image component sizes


      Code (inc. data)   RO Data    RW Data    ZI Data      Debug   Object Name

        20          6       1520          0          0        955   asciilib.o
         0          0          0          0          0       4516   core_cm3.o
      3626         48          0       7208        608      11437   game.o
     10054         56          0          1          0      31809   glcd.o
       144         18          0          8          0      44592   irq_button.o
       312         28          0         20          0        957   irq_rit.o
        24          6          0          0          0        522   irq_timer.o
       176         12          0          0          0      27361   lib_button.o
        96         10          0          0          0        468   lib_joystick.o
       100         10          0          0          0        948   lib_rit.o
       152          4          0          0          0      27923   lib_timer.o
        80         10          0          0          0        447   sample.o
        56         22        204          0        512        992   startup_lpc17xx.o
       392         32          0          4          0        803   system_lpc17xx.o

    ----------------------------------------------------------------------
     15236        262       1774       7244       1120     153730   Object Totals
         0          0         48          0          0          0   (incl. Generated)
         4          0          2          3          0          0   (incl. Padding)

    ----------------------------------------------------------------------

      Code (inc. data)   RO Data    RW Data    ZI Data      Debug   Library Member Name

       100          0          0          0          0          0   __dclz77c.o
         8          0          0          0          0         68   __main.o
       104          0          0          0          0         84   __printf.o
         0          0          0          0          0          0   __rtentry.o
        12          0          0          0          0          0   __rtentry2.o
         6          0          0          0          0          0   __rtentry4.o
        52          8          0          0          0          0   __scatter.o
        26          0          0          0          0          0   __scatter_copy.o
        28          0          0          0          0          0   __scatter_zi.o
        48          6          0          0          0         96   _printf_char_common.o
         6          0          0          0          0          0   _printf_d.o
       120         16          0          0          0         92   _printf_dec.o
       178          0          0          0          0         88   _printf_intcommon.o
         0          0          0          0          0          0   _printf_percent.o
         4          0          0          0          0          0   _printf_percent_end.o
        10          0          0          0          0         68   _sputc.o
        18          0          0          0          0         80   exit.o
         6          0          0          0          0        152   heapauxi.o
         0          0          0          0          0          0   indicate_semi.o
         2          0          0          0          0          0   libinit.o
         2          0          0          0          0          0   libinit2.o
         2          0          0          0          0          0   libshutdown.o
         2          0          0          0          0          0   libshutdown2.o
         8          4          0          0         96         68   libspace.o
        40          6          0          0          0         84   noretval__2sprintf.o
       138          0          0          0          0         68   rt_memcpy_v6.o
       100          0          0          0          0         80   rt_memcpy_w.o
         2          0          0          0          0          0   rtexit.o
        10          0          0          0          0          0   rtexit2.o
        12          4          0          0          0         68   sys_exit.o
        74          0          0          0          0         80   sys_stackheap_outer.o
         2          0          0          0          0         68   use_no_semi.o

    ----------------------------------------------------------------------
      1126         44          0          0        100       1244   Library Totals
         6          0          0          0          4          0   (incl. Padding)

    ----------------------------------------------------------------------

      Code (inc. data)   RO Data    RW Data    ZI Data      Debug   Library Name

      1120         44          0          0         96       1244   c_w.l

    ----------------------------------------------------------------------
      1126         44          0          0        100       1244   Library Totals

    ----------------------------------------------------------------------

==============================================================================


      Code (inc. data)   RO Data    RW Data    ZI Data      Debug   

     16362        306       1774       7244       1220     153842   Grand Totals
     16362        306       1774        324       1220     153842   ELF Image Totals (compressed)
     16362        306       1774        324          0          0   ROM Totals

==============================================================================

    Total RO  Size (Code + RO Data)                18136 (  17.71kB)
    Total RW  Size (RW Data + ZI Data)              8464 (   8.27kB)
    Total ROM Size (Code + RO Data + RW Data)      18460 (  18.03kB)

==============================================================================

